// Jest Snapshot v1, https://goo.gl/fbAQLP

exports[`n-icon should work with \`depth\` prop 1`] = `"--n-bezier: cubic-bezier(.4, 0, .2, 1); --n-color: #000; --n-opacity: 0.18;"`;
